## field-cage report

**mode:** `block` &middot; **events:** 14 &middot; **unparsable log lines:** 1

| verdict | count |
| --- | --: |
| `ALLOW` | 7 |
| `DENY(not-in-policy)` | 2 |
| `DENY(no-domain)` | 1 |
| `SKIP(dns)` | 3 |
| `SKIP(loopback)` | 1 |

### Denied destinations (2)

| destination | ip | port | count | processes |
| --- | --- | --: | --: | --- |
| `telemetry.example.com` | `203.0.113.7` | 443 | 2 | `curl` |

_1 more destinations omitted (raise `--top`)._

<details>
<summary>Allowed destinations (3)</summary>

| destination | ip | port | count | processes |
| --- | --- | --: | --: | --- |
| `github.com` | `140.82.113.4` | 443 | 5 | `curl,git-remote-http` |

_2 more destinations omitted (raise `--top`)._

</details>

<details>
<summary>Skipped: DNS and loopback (2)</summary>

| destination | ip | port | count | processes |
| --- | --- | --: | --: | --- |
| `10.0.0.2` | &mdash; | 53 | 3 | `curl` |

_1 more destinations omitted (raise `--top`)._

</details>

<details>
<summary>Suggested allowlist (review before use)</summary>

```yaml
allowlist:
  - '198.51.100.9'
  - '2606:4700::6810:23'
  - 'github.com'
  - 'registry.npmjs.org'
  - 'telemetry.example.com'
```

</details>
